[appexssglobal.com/index.html]
[appexssglobal.com/assets/images/favicon.ico]
[appexssglobal.com/assets/images/copy.png]
[backblue.gif]
[fade.gif]
[index.html]
[appexssglobal.com/assets/css/font-awesome-all.css]
[appexssglobal.com/assets/css/flaticon.css]
[appexssglobal.com/assets/css/owl.css]
[appexssglobal.com/assets/css/bootstrap.css]
[appexssglobal.com/assets/css/jquery.fancybox.min.css]
[appexssglobal.com/assets/css/animate.css]
[appexssglobal.com/assets/css/nice-select.css]
[appexssglobal.com/assets/css/style.css]
[appexssglobal.com/assets/css/responsive.css]
[www.smartsuppchat.com/loaderd41d.js]
[s3.tradingview.com/external-embedding/embed-widget-ticker-tape.js]
[appexssglobal.com/index-2.html]
[appexssglobal.com/assets/images/logo.png]
[appexssglobal.com/market.html]
[appexssglobal.com/forex.html]
[appexssglobal.com/copy.html]
[appexssglobal.com/options.html]
[appexssglobal.com/stocks.html]
[appexssglobal.com/estate.html]
[appexssglobal.com/retirement.html]
[appexssglobal.com/financial.html]
[appexssglobal.com/privatewealth.html]
[appexssglobal.com/about.html]
[appexssglobal.com/assets/images/icons/icon-6.png]
[appexssglobal.com/assets/images/banner/banner-1.jpg]
[appexssglobal.com/assets/images/banner/banner-2.jpg]
[appexssglobal.com/assets/images/banner/banner-3.jpg]
[appexssglobal.com/assets/images/banner/banner-4.jpg]
[appexssglobal.com/assets/images/resource/about-1.jpg]
[appexssglobal.com/assets/images/shape/shape-1.png]
[appexssglobal.com/assets/images/shape/shape-2.png]
[appexssglobal.com/assets/images/icons/icon-7.png]
[appexssglobal.com/assets/images/icons/icon-8.png]
[appexssglobal.com/assets/images/icons/icon-9.png]
[appexssglobal.com/assets/images/icons/icon-10.png]
[appexssglobal.com/assets/images/icons/icon-11.png]
[appexssglobal.com/assets/images/icons/icon-12.png]
[appexssglobal.com/assets/images/shape/shape-13.png]
[appexssglobal.com/assets/images/icons/icon-37.png]
[appexssglobal.com/assets/images/icons/icon-38.png]
[appexssglobal.com/assets/images/icons/icon-39.png]
[appexssglobal.com/assets/images/shape/shape-36.png]
[appexssglobal.com/assets/images/resource/market-7.jpg]
[appexssglobal.com/assets/images/resource/account-1.jpg]
[appexssglobal.com/assets/images/icons/icon-13.png]
[appexssglobal.com/assets/images/resource/account-2.jpg]
[appexssglobal.com/assets/images/icons/icon-14.png]
[appexssglobal.com/assets/images/resource/account-3.jpg]
[appexssglobal.com/assets/images/icons/icon-15.png]
[appexssglobal.com/assets/images/shape/shape-3.png]
[s3.tradingview.com/external-embedding/embed-widget-market-quotes.js]
[appexssglobal.com/assets/images/icons/icon-17.png]
[appexssglobal.com/assets/images/icons/icon-18.png]
[appexssglobal.com/assets/images/icons/icon-19.png]
[appexssglobal.com/assets/images/icons/icon-20.png]
[appexssglobal.com/assets/images/background/chooseus-bg.jpg]
[appexssglobal.com/assets/images/shape/shape-4.png]
[appexssglobal.com/assets/images/shape/shape-5.png]
[appexssglobal.com/assets/images/shape/shape-6.png]
[appexssglobal.com/assets/images/icons/icon-21.png]
[appexssglobal.com/assets/images/icons/icon-22.png]
[appexssglobal.com/assets/images/icons/icon-23.png]
[appexssglobal.com/assets/images/icons/icon-24.png]
[appexssglobal.com/assets/images/shape/shape-14.png]
[appexssglobal.com/expert-traders.html]
[appexssglobal.com/assets/images/resource/testimonial-1.png]
[appexssglobal.com/assets/images/icons/icon-44.png]
[appexssglobal.com/assets/images/resource/testimonial-2.png]
[appexssglobal.com/assets/images/resource/testimonial-4.png]
[appexssglobal.com/assets/images/resource/testimonial-3.png]
[appexssglobal.com/assets/images/shape/shape-21.png]
[appexssglobal.com/assets/images/icons/icon-46.png]
[appexssglobal.com/assets/images/footer.png]
[appexssglobal.com/faq.html]
[appexssglobal.com/contact.html]
[appexssglobal.com/fixedincome.html]
[appexssglobal.com/infrastructure.html]
[appexssglobal.com/multiasset.html]
[appexssglobal.com/privacy.html]
[appexssglobal.com/terms.html]
[appexssglobal.com/assets/js/jquery.js]
[appexssglobal.com/assets/js/popper.min.js]
[appexssglobal.com/assets/js/bootstrap.min.js]
[appexssglobal.com/assets/js/owl.js]
[appexssglobal.com/assets/js/wow.js]
[appexssglobal.com/assets/js/validation.js]
[appexssglobal.com/assets/js/jquery.fancybox.js]
[appexssglobal.com/assets/js/appear.js]
[appexssglobal.com/assets/js/scrollbar.js]
[appexssglobal.com/assets/js/isotope.js]
[appexssglobal.com/assets/js/jquery.nice-select.min.js]
[appexssglobal.com/index.html]
[appexssglobal.com/assets/js/script.js]
[appexssglobal.com/assets/fonts/fa-brands-400.woff2]
[appexssglobal.com/assets/webfonts/fa-brands-400.html]
[appexssglobal.com/assets/fonts/fa-regular-400.woff2]
[appexssglobal.com/assets/webfonts/fa-regular-400.html]
[appexssglobal.com/assets/fonts/fa-solid-900.woff2]
[appexssglobal.com/assets/webfonts/fa-solid-900.html]
[appexssglobal.com/assets/fonts/fa-v4compatibility.woff2]
[appexssglobal.com/assets/webfonts/fa-v4compatibility.html]
[appexssglobal.com/assets/css/font-awesome-all.css]
[appexssglobal.com/assets/fonts/flaticon73a673a6.ttf]
[appexssglobal.com/assets/fonts/flaticon73a673a6.woff]
[appexssglobal.com/assets/fonts/flaticon73a673a6.woff2]
[appexssglobal.com/assets/fonts/flaticon73a673a6.eot]
[appexssglobal.com/assets/css/flaticon.css]
[appexssglobal.com/assets/fonts/flaticon73a673a6.svg]
[appexssglobal.com/assets/css/owl.video.play.html]
[appexssglobal.com/assets/css/owl.css]
[appexssglobal.com/assets/css/bootstrap.css]
[appexssglobal.com/assets/css/jquery.fancybox.min.css]
[appexssglobal.com/assets/css/animate.css]
[appexssglobal.com/assets/css/nice-select.css]
[appexssglobal.com/assets/images/icons/icon-28.png]
[appexssglobal.com/assets/images/shape/shape-15.png]
[appexssglobal.com/assets/images/icons/icon-55.png]
[appexssglobal.com/assets/images/icons/flag-deutsch.png]
[appexssglobal.com/assets/images/icons/flag-english.png]
[appexssglobal.com/assets/images/icons/flag-francais.png]
[appexssglobal.com/assets/images/icons/flag-italiano.png]
[appexssglobal.com/assets/images/shape/shape-46.png]
[appexssglobal.com/assets/images/shape/shape-47.png]
[appexssglobal.com/assets/images/icons/icon-89.png]
[appexssglobal.com/assets/css/style.css]
[appexssglobal.com/assets/css/responsive.css]
[appexssglobal.com/index-2.html]
[appexssglobal.com/assets/images/background/page-title.jpg]
[appexssglobal.com/assets/images/news/news-1.jpg]
[appexssglobal.com/assets/images/fixedincome.jpg]
[appexssglobal.com/assets/images/infrastructure.jpg]
[appexssglobal.com/assets/images/multiasset.jpg]
[appexssglobal.com/market.html]
[appexssglobal.com/assets/images/options.jpg]
[appexssglobal.com/assets/images/icons/icon-83.png]
[appexssglobal.com/forex.html]
[appexssglobal.com/assets/images/copy1.jpg]
[appexssglobal.com/copy.html]
[appexssglobal.com/options.html]
[appexssglobal.com/assets/images/stocks.jpg]
[appexssglobal.com/stocks.html]
[appexssglobal.com/assets/images/estate.jpg]
[appexssglobal.com/estate.html]
[appexssglobal.com/assets/images/retirement.jpg]
[appexssglobal.com/retirement.html]
[appexssglobal.com/assets/images/financial.jpg]
[appexssglobal.com/financial.html]
[appexssglobal.com/assets/images/privatewealth.jpg]
[appexssglobal.com/privatewealth.html]
[appexssglobal.com/assets/images/resource/about-2.jpg]
[appexssglobal.com/assets/images/icons/icon-71.png]
[appexssglobal.com/assets/images/icons/icon-72.png]
[appexssglobal.com/assets/images/icons/icon-74.png]
[appexssglobal.com/assets/images/resource/about-3.jpg]
[appexssglobal.com/assets/images/shape/shape-20.png]
[appexssglobal.com/assets/images/resource/chooseus-1.png]
[appexssglobal.com/assets/images/shape/shape-16.png]
[appexssglobal.com/assets/images/icons/icon-40.png]
[appexssglobal.com/assets/images/shape/shape-17.png]
[appexssglobal.com/assets/images/icons/icon-41.png]
[appexssglobal.com/assets/images/shape/shape-18.png]
[appexssglobal.com/assets/images/shape/shape-19.png]
[appexssglobal.com/assets/images/shape/shape-9.png]
[appexssglobal.com/assets/images/shape/shape-10.png]
[appexssglobal.com/assets/images/shape/shape-48.png]
[appexssglobal.com/assets/images/icons/icon-76.png]
[appexssglobal.com/assets/images/icons/icon-77.png]
[appexssglobal.com/assets/images/icons/icon-78.png]
[appexssglobal.com/assets/images/icons/icon-79.png]
[appexssglobal.com/assets/images/icons/icon-80.png]
[appexssglobal.com/assets/images/icons/icon-81.png]
[appexssglobal.com/about.html]
[appexssglobal.com/assets/images/gary.jpg]
[appexssglobal.com/assets/images/rodney.jpg]
[appexssglobal.com/assets/images/theresa.jpg]
[appexssglobal.com/assets/images/ishaan.jpg]
[appexssglobal.com/assets/images/sarah.jpg]
[appexssglobal.com/assets/images/champ.jpg]
[appexssglobal.com/expert-traders.html]
[appexssglobal.com/faq.html]
[appexssglobal.com/assets/images/shape/shape-49.png]
[appexssglobal.com/assets/images/icons/icon-84.png]
[appexssglobal.com/assets/images/icons/icon-85.png]
[appexssglobal.com/assets/images/icons/icon-86.png]
[appexssglobal.com/assets/images/icons/icon-88.png]
[appexssglobal.com/contact.html]
[appexssglobal.com/fixedincome.html]
[appexssglobal.com/infrastructure.html]
[appexssglobal.com/multiasset.html]
[appexssglobal.com/assets/images/legal.jpg]
[appexssglobal.com/privacy.html]
[appexssglobal.com/terms.html]
[appexssglobal.com/assets/js/jquery.js]
[appexssglobal.com/assets/js/popper.min.js]
[appexssglobal.com/assets/js/bootstrap.min.js]
[appexssglobal.com/assets/js/owl.js]
[appexssglobal.com/assets/js/wow.js]
[appexssglobal.com/assets/js/validation.js]
[appexssglobal.com/assets/js/jquery.fancybox.js]
[appexssglobal.com/assets/js/appear.js]
[appexssglobal.com/cdnjs.cloudflare.com/ajax/libs/jquery-mousewheel/3.1.12/jquery.mousewheel.min.js]
[appexssglobal.com/assets/js/scrollbar.js]
[appexssglobal.com/assets/js/isotope.js]
[appexssglobal.com/assets/js/jquery.nice-select.min.js]
[appexssglobal.com/assets/js/script.js]
[appexssglobal.com/assets/webfonts/fa-brands-400.html]
[appexssglobal.com/assets/webfonts/fa-regular-400.html]
[appexssglobal.com/assets/webfonts/fa-solid-900.html]
[appexssglobal.com/assets/webfonts/fa-v4compatibility.html]
[appexssglobal.com/assets/fonts/flaticon73a673a6.svg]
[appexssglobal.com/assets/css/owl.video.play.html]
[appexssglobal.com/cdnjs.cloudflare.com/ajax/libs/jquery-mousewheel/3.1.12/jquery.mousewheel.min.html]
